// Jest Snapshot v1, https://goo.gl/fbAQLP

exports[`GifGridItem Test mostrar el componente <GifGridItem />  1`] = `
<div
  className="card animate__animated animate__fadeIn"
>
  <img
    alt="titulo"
    src="https://miurl.es"
  />
  <p>
    titulo
  </p>
</div>
`;
