// Jest Snapshot v1, https://goo.gl/fbAQLP

exports[`PrimeraApp debe mostrar el componente app correctamente  1`] = `
<Fragment>
  <h1>
    Hola, Soy Goku
  </h1>
  <p>
    Soy un Subtitulo
  </p>
</Fragment>
`;
